app/(auth)/sign-in.tsx(11,21): error TS2339: Property 'setActive' does not exist on type 'SignInSignalValue'.
app/(auth)/sign-in.tsx(11,32): error TS2339: Property 'isLoaded' does not exist on type 'SignInSignalValue'.
app/(auth)/sign-in.tsx(27,17): error TS2353: Object literal may only specify known properties, and 'password' does not exist in type 'SignInFutureCreateParams'.
app/(auth)/sign-in.tsx(30,31): error TS2339: Property 'status' does not exist on type '{ error: ClerkError | null; }'.
app/(auth)/sign-in.tsx(31,58): error TS2339: Property 'createdSessionId' does not exist on type '{ error: ClerkError | null; }'.
app/(auth)/sign-up.tsx(11,13): error TS2339: Property 'isLoaded' does not exist on type 'SignUpSignalValue'.
app/(auth)/sign-up.tsx(11,31): error TS2339: Property 'setActive' does not exist on type 'SignUpSignalValue'.
app/(auth)/sign-up.tsx(29,17): error TS2353: Object literal may only specify known properties, and 'password' does not exist in type 'SignUpFutureCreateParams'.
app/(auth)/sign-up.tsx(32,26): error TS2339: Property 'prepareEmailAddressVerification' does not exist on type 'SignUpFutureResource'.
app/(auth)/sign-up.tsx(48,49): error TS2339: Property 'attemptEmailAddressVerification' does not exist on type 'SignUpFutureResource'.
app/_layout.tsx(1,53): error TS2307: Cannot find module '@clerk/clerk-expo' or its corresponding type declarations.
lib/cache.ts(3,28): error TS2307: Cannot find module '@clerk/clerk-expo/dist/cache' or its corresponding type declarations.
